{"test_dump.max_avg_parition_by":"CREATE TABLE test_dump.max_avg_parition_by (`id` Nullable(Int32), `department` Nullable(String), `onboard_date` Nullable(String), `age` Nullable(Int32)) ENGINE = Memory()","test_dump.people":"CREATE TABLE test_dump.people (`id` Nullable(Int32), `department` Nullable(String), `onboard_date` Nullable(String), `age` Nullable(Int32)) ENGINE = CnchMergeTree() order by tuple()"}