{"ddls":{"test_dump.max_avg_parition_by":"CREATE TABLE test_dump.max_avg_parition_by (`id` Int32, `department` Nullable(String), `onboard_date` Nullable(String), `age` Nullable(Int32)) ENGINE = MockDistributed('', 'test_dump', 'max_avg_parition_by_local', id)","test_dump.people":"CREATE TABLE test_dump.people (`id` Int32, `department` Nullable(String), `onboard_date` Nullable(String), `age` Nullable(Int32)) ENGINE = MockDistributed('', 'test_dump', 'people_local', id)"},"stats":{"test_dump.max_avg_parition_by":{},"test_dump.people":{}}}